// Vitest Snapshot v1, https://vitest.dev/guide/snapshot.html

exports[`Unlock Wallet > Mnemonic phrase workflow > should render the Unlock Wallet page and show the field to enter the mnemonic phrase, if there is no login info stored 1`] = `
<section
  class="login svelte-1e8gc2s"
>
  <h2
    class="h1"
  >
    Unleash 
    <mark>
      RWA
    </mark>
     and
    <br />
     
    <mark>
      Decentralized Finance
    </mark>
  </h2>
   
  <div
    class="login svelte-1e8gc2s"
  >
    <article
      class="dusk-card dusk-card--gap-medium"
    >
      <div
        class="dusk-card__header-container"
      >
        <header
          class="dusk-card__header"
          slot="header"
        >
          <div
            class="dusk-card__heading-container"
          >
            <h3
              class="h4"
            >
              Mnemonic phrase
            </h3>
             
            <div
              class="dusk-card__heading-icons"
            >
              
              <svg
                class="dusk-icon dusk-icon--size--default"
                role="graphics-symbol"
                viewBox="0 0 24 24"
              >
                <path
                  d="M21 18H15V15H13.3C12.2 17.4 9.7 19 7 19C3.1 19 0 15.9 0 12S3.1 5 7 5C9.7 5 12.2 6.6 13.3 9H24V15H21V18M17 16H19V13H22V11H11.9L11.7 10.3C11 8.3 9.1 7 7 7C4.2 7 2 9.2 2 12S4.2 17 7 17C9.1 17 11 15.7 11.7 13.7L11.9 13H17V16M7 15C5.3 15 4 13.7 4 12S5.3 9 7 9 10 10.3 10 12 8.7 15 7 15M7 11C6.4 11 6 11.4 6 12S6.4 13 7 13 8 12.6 8 12 7.6 11 7 11Z"
                />
              </svg>
              
            </div>
          </div>
        </header>
      </div>
       
      <div
        class="dusk-card__body-container"
      >
        <form
          class="login__form svelte-1e8gc2s"
        >
          <input
            aria-label="Mnemonic phrase"
            autocomplete="current-password"
            autofocus=""
            class="dusk-textbox dusk-textbox-password"
            name="Mnemonic phrase"
            placeholder="Mnemonic phrase"
            required=""
            type="password"
          />
          
           
           
          <button
            class="dusk-button dusk-button--type--submit dusk-button--variant--primary dusk-button--size--default"
            type="submit"
          >
            <span
              class="dusk-button__text"
            >
              Unlock Wallet
            </span>
          </button>
           
        </form>
      </div>
       
    </article>
    
  </div>
   
  <footer
    class="login-footer svelte-1e8gc2s"
  >
    <a
      aria-disabled="false"
      class="dusk-anchor dusk-anchor--on-surface dusk-anchor-button dusk-anchor-button--variant--tertiary dusk-anchor-button--size--default dusk-icon-button--labeled"
      href="/some-base-path/setup"
    >
      <svg
        class="dusk-icon dusk-icon--size--default dusk-anchor-button__icon"
        role="graphics-symbol"
        viewBox="0 0 24 24"
      >
        <path
          d="M20,11V13H8L13.5,18.5L12.08,19.92L4.16,12L12.08,4.08L13.5,5.5L8,11H20Z"
        />
      </svg>
      
       
      <span
        class="dusk-anchor-button__text"
      >
        Back
      </span>
      
      
    </a>
  </footer>
</section>
`;

exports[`Unlock Wallet > Password workflow > should show the password field and the link to restore the wallet if there is login info stored 1`] = `
<section
  class="login svelte-1e8gc2s"
>
  <h2
    class="h1"
  >
    Unleash 
    <mark>
      RWA
    </mark>
     and
    <br />
     
    <mark>
      Decentralized Finance
    </mark>
  </h2>
   
  <div
    class="login svelte-1e8gc2s"
  >
    <article
      class="dusk-card dusk-card--gap-medium"
    >
      <div
        class="dusk-card__header-container"
      >
        <header
          class="dusk-card__header"
          slot="header"
        >
          <div
            class="dusk-card__heading-container"
          >
            <h3
              class="h4"
            >
              Password
            </h3>
             
            <div
              class="dusk-card__heading-icons"
            >
              
              <svg
                class="dusk-icon dusk-icon--size--default"
                role="graphics-symbol"
                viewBox="0 0 24 24"
              >
                <path
                  d="M21 18H15V15H13.3C12.2 17.4 9.7 19 7 19C3.1 19 0 15.9 0 12S3.1 5 7 5C9.7 5 12.2 6.6 13.3 9H24V15H21V18M17 16H19V13H22V11H11.9L11.7 10.3C11 8.3 9.1 7 7 7C4.2 7 2 9.2 2 12S4.2 17 7 17C9.1 17 11 15.7 11.7 13.7L11.9 13H17V16M7 15C5.3 15 4 13.7 4 12S5.3 9 7 9 10 10.3 10 12 8.7 15 7 15M7 11C6.4 11 6 11.4 6 12S6.4 13 7 13 8 12.6 8 12 7.6 11 7 11Z"
                />
              </svg>
              
            </div>
          </div>
        </header>
      </div>
       
      <div
        class="dusk-card__body-container"
      >
        <form
          class="login__form svelte-1e8gc2s"
        >
          <input
            aria-label="Password"
            autocomplete="current-password"
            autofocus=""
            class="dusk-textbox dusk-textbox-password"
            name="Password"
            placeholder="Password"
            required=""
            type="password"
          />
          
           
           
          <button
            class="dusk-button dusk-button--type--submit dusk-button--variant--primary dusk-button--size--default"
            type="submit"
          >
            <span
              class="dusk-button__text"
            >
              Unlock Wallet
            </span>
          </button>
           
          <a
            aria-disabled="false"
            class="dusk-anchor dusk-anchor--on-surface dusk-anchor-button dusk-anchor-button--variant--tertiary dusk-anchor-button--size--default"
            href="/some-base-path/setup/restore"
          >
            <span
              class="dusk-anchor-button__text"
            >
              Forgot Password?
            </span>
            
          </a>
        </form>
      </div>
       
    </article>
    
  </div>
   
  <footer
    class="login-footer svelte-1e8gc2s"
  >
    <a
      aria-disabled="false"
      class="dusk-anchor dusk-anchor--on-surface dusk-anchor-button dusk-anchor-button--variant--tertiary dusk-anchor-button--size--default dusk-icon-button--labeled"
      href="/some-base-path/setup"
    >
      <svg
        class="dusk-icon dusk-icon--size--default dusk-anchor-button__icon"
        role="graphics-symbol"
        viewBox="0 0 24 24"
      >
        <path
          d="M20,11V13H8L13.5,18.5L12.08,19.92L4.16,12L12.08,4.08L13.5,5.5L8,11H20Z"
        />
      </svg>
      
       
      <span
        class="dusk-anchor-button__text"
      >
        Back
      </span>
      
      
    </a>
  </footer>
</section>
`;
