// Vitest Snapshot v1, https://vitest.dev/guide/snapshot.html

exports[`DataAlert > should render the \`DataAlert\` in the error state 1`] = `
<div
  class="alert"
>
  <svg
    class="dusk-icon dusk-icon--size--large"
    role="graphics-symbol"
    viewBox="0 0 24 24"
  >
    <path
      d="M12,2L1,21H23M12,6L19.53,19H4.47M11,10V14H13V10M11,16V18H13V16"
    />
  </svg>
  
   
  <header>
    <p>
      There was an error fetching the data.
    </p>
     
    <p
      class="alert__error-message"
    >
      error
    </p>
  </header>
   
  <button
    class="dusk-button dusk-button--type--button dusk-button--variant--secondary dusk-button--size--default"
    type="button"
  >
    <span
      class="dusk-button__text"
    >
      Retry
    </span>
  </button>
</div>
`;

exports[`DataAlert > should render the \`DataAlert\` in the no data state 1`] = `
<div
  class="alert"
>
  <svg
    class="dusk-icon dusk-icon--size--large"
    role="graphics-symbol"
    viewBox="0 0 24 24"
  >
    <path
      d="M12,2L1,21H23M12,6L19.53,19H4.47M11,10V14H13V10M11,16V18H13V16"
    />
  </svg>
  
   
  <header>
    <p>
      No data to display
    </p>
  </header>
   
</div>
`;
