// Vitest Snapshot v1, https://vitest.dev/guide/snapshot.html

exports[`Navbar > renders the Navbar component 1`] = `
<nav
  class="dusk-navbar dusk-navbar--menu-hidden"
  style="margin-bottom: 0"
>
  <a
    class="dusk-anchor dusk-anchor--on-surface dusk-navbar__logo"
    href="/some-base-path/"
  >
    <img
      alt="Dusk Logo"
      sizes="(max-width: 1024px) 86px, 129px"
      src="/some-base-path/dusk_logo.svg"
    />
  </a>
   
  <button
    aria-controls="dusk-navbar-menu"
    aria-expanded="false"
    aria-label="Toggle Menu"
    class="dusk-button dusk-button--type--button dusk-button--variant--primary dusk-button--size--default dusk-icon-button dusk-navbar__toggle"
    type="button"
  >
    <svg
      class="dusk-icon dusk-icon--size--large dusk-button__icon"
      role="graphics-symbol"
      viewBox="0 0 24 24"
    >
      <path
        d="M3,6H21V8H3V6M3,11H21V13H3V11M3,16H21V18H3V16Z"
      />
    </svg>
    
     
    
  </button>
   
  <div
    class="dusk-navbar__menu dusk-navbar__menu--hidden"
    id="dusk-navbar-menu"
  >
    <span
      class="dusk-badge dusk-badge--variant-warning dusk-navbar__menu--network"
    >
      unknown
    </span>
     
    <nav
      class="dusk-nav-list dusk-navbar__menu--links"
    >
      
      <a
        class="dusk-anchor dusk-anchor--off-surface dusk-nav-list__link"
        href="/some-base-path/"
      >
        Chain Info
      </a>
      
      <a
        class="dusk-anchor dusk-anchor--off-surface dusk-nav-list__link"
        href="/some-base-path/blocks"
      >
        Blocks
      </a>
      
      <a
        class="dusk-anchor dusk-anchor--off-surface dusk-nav-list__link"
        href="/some-base-path/transactions"
      >
        Transactions
      </a>
      
      <a
        class="dusk-anchor dusk-anchor--off-surface dusk-nav-list__link"
        href="/some-base-path/provisioners"
      >
        Provisioners
      </a>
      
      <a
        class="dusk-anchor dusk-anchor--off-surface dusk-nav-list__link"
        href="/some-base-path/tokens"
      >
        Tokens
      </a>
    </nav>
    
     
    <div
      class="dusk-navbar__menu--search"
    >
      <form>
        <div
          class="textbox-button"
          style="width: 250px;"
        >
          <input
            class="dusk-textbox dusk-textbox-text textbox-button__input"
            placeholder="Account/Block/Hash"
            required=""
            type="text"
          />
          
           
          <button
            class="dusk-button dusk-button--type--submit dusk-button--variant--primary dusk-button--size--default dusk-icon-button"
            type="submit"
          >
             
            <svg
              class="dusk-icon dusk-icon--size--default dusk-button__icon"
              role="graphics-symbol"
              viewBox="0 0 24 24"
            >
              <path
                d="M9.5,3A6.5,6.5 0 0,1 16,9.5C16,11.11 15.41,12.59 14.44,13.73L14.71,14H15.5L20.5,19L19,20.5L14,15.5V14.71L13.73,14.44C12.59,15.41 11.11,16 9.5,16A6.5,6.5 0 0,1 3,9.5A6.5,6.5 0 0,1 9.5,3M9.5,5C7,5 5,7 5,9.5C5,12 7,14 9.5,14C12,14 14,12 14,9.5C14,7 12,5 9.5,5Z"
              />
            </svg>
            
          </button>
        </div>
      </form>
       
    </div>
  </div>
</nav>
`;
