// Vitest Snapshot v1, https://vitest.dev/guide/snapshot.html

exports[`StaleDataNotice > renders the Stale Data notice if data is stale 1`] = `
<svg
  class="dusk-icon dusk-icon--size--default"
  data-tooltip-id="main-tooltip"
  data-tooltip-place="top"
  data-tooltip-text="Stale Data 
Last Update: Mon, 20 May 2024 00:00:00 GMT"
  data-tooltip-type="warning"
  role="graphics-symbol"
  viewBox="0 0 24 24"
>
  <path
    d="M12,2L1,21H23M12,6L19.53,19H4.47M11,10V14H13V10M11,16V18H13V16"
  />
</svg>
`;
