// Vitest Snapshot v1, https://vitest.dev/guide/snapshot.html

exports[`Table > renders the Table component 1`] = `
<div
  class="table-container"
>
  <table
    class="table"
  />
</div>
`;

exports[`Table > renders the TableBody component 1`] = `
<tbody
  class="table__body"
/>
`;

exports[`Table > renders the TableCell component 1`] = `
<td
  class="table__data-cell align-left"
/>
`;

exports[`Table > renders the TableCell component as a head cell 1`] = `
<th
  class="table__header-cell align-left"
/>
`;

exports[`Table > renders the TableHead component 1`] = `
<thead
  class="table__head"
/>
`;

exports[`Table > renders the TableRow component 1`] = `
<tr
  class="table__row"
/>
`;
