// Vitest Snapshot v1, https://vitest.dev/guide/snapshot.html

exports[`TextField > renders the component with default values 1`] = `
<div
  class="textbox-button foo bar"
  style="width: 250px;"
>
  <input
    class="dusk-textbox dusk-textbox-text textbox-button__input"
    placeholder="Search"
    required=""
    type="text"
  />
  
   
  <button
    class="dusk-button dusk-button--type--submit dusk-button--variant--primary dusk-button--size--default dusk-icon-button"
    type="submit"
  >
     
    <svg
      class="dusk-icon dusk-icon--size--default dusk-button__icon"
      role="graphics-symbol"
      viewBox="0 0 24 24"
    >
      <path
        d="M9.5,3A6.5,6.5 0 0,1 16,9.5C16,11.11 15.41,12.59 14.44,13.73L14.71,14H15.5L20.5,19L19,20.5L14,15.5V14.71L13.73,14.44C12.59,15.41 11.11,16 9.5,16A6.5,6.5 0 0,1 3,9.5A6.5,6.5 0 0,1 9.5,3M9.5,5C7,5 5,7 5,9.5C5,12 7,14 9.5,14C12,14 14,12 14,9.5C14,7 12,5 9.5,5Z"
      />
    </svg>
    
  </button>
</div>
`;

exports[`TextField > updates input value on change 1`] = `
<div
  class="textbox-button foo bar"
  style="width: 250px;"
>
  <input
    class="dusk-textbox dusk-textbox-text textbox-button__input"
    placeholder="Search"
    required=""
    type="text"
  />
  
   
  <button
    class="dusk-button dusk-button--type--submit dusk-button--variant--primary dusk-button--size--default dusk-icon-button"
    type="submit"
  >
     
    <svg
      class="dusk-icon dusk-icon--size--default dusk-button__icon"
      role="graphics-symbol"
      viewBox="0 0 24 24"
    >
      <path
        d="M9.5,3A6.5,6.5 0 0,1 16,9.5C16,11.11 15.41,12.59 14.44,13.73L14.71,14H15.5L20.5,19L19,20.5L14,15.5V14.71L13.73,14.44C12.59,15.41 11.11,16 9.5,16A6.5,6.5 0 0,1 3,9.5A6.5,6.5 0 0,1 9.5,3M9.5,5C7,5 5,7 5,9.5C5,12 7,14 9.5,14C12,14 14,12 14,9.5C14,7 12,5 9.5,5Z"
      />
    </svg>
    
  </button>
</div>
`;
