// Vitest Snapshot v1, https://vitest.dev/guide/snapshot.html

exports[`Allocate > should render the allocation page 1`] = `
<div
  class="dusk-card dusk-card--gap-default"
>
  <div
    class="dusk-card__header-container"
  >
    <header
      class="dusk-card__header"
      slot="header"
    >
      <div
        class="dusk-card__heading-container"
      >
        <h3
          class="h4"
        >
          Allocate
        </h3>
         
        <div
          class="dusk-card__heading-icons"
        >
          
          <svg
            class="dusk-icon dusk-icon--size--default"
            role="graphics-symbol"
            viewBox="0 0 24 24"
          >
            <path
              d="M12,18A6,6 0 0,1 6,12C6,11 6.25,10.03 6.7,9.2L5.24,7.74C4.46,8.97 4,10.43 4,12A8,8 0 0,0 12,20V23L16,19L12,15M12,4V1L8,5L12,9V6A6,6 0 0,1 18,12C18,13 17.75,13.97 17.3,14.8L18.76,16.26C19.54,15.03 20,13.57 20,12A8,8 0 0,0 12,4Z"
            />
          </svg>
          
        </div>
      </div>
    </header>
  </div>
   
  <div
    class="dusk-card__body-container"
  >
    <div
      class="operation svelte-eoztn2"
    >
      <div
        class="dusk-wizard"
      >
         
         
         
        <div
          class="operation__allocate svelte-eoztn2"
        >
          <p>
            Edit the value to change the allocation of your Dusk between your
          shielded and public accounts.
          </p>
           
          <fieldset
            class="operation__fieldset svelte-eoztn2"
          >
            <p
              class="operation__label svelte-eoztn2"
            >
              Shielded
            </p>
             
            <div
              class="operation__address-wrapper svelte-eoztn2"
            >
              <svg
                class="dusk-icon dusk-icon--size--default"
                role="graphics-symbol"
                viewBox="0 0 24 24"
              >
                <path
                  d="M12,1L3,5V11C3,16.55 6.84,21.74 12,23C17.16,21.74 21,16.55 21,11V5L12,1M12,7C13.4,7 14.8,8.1 14.8,9.5V11C15.4,11 16,11.6 16,12.3V15.8C16,16.4 15.4,17 14.7,17H9.2C8.6,17 8,16.4 8,15.7V12.2C8,11.6 8.6,11 9.2,11V9.5C9.2,8.1 10.6,7 12,7M12,8.2C11.2,8.2 10.5,8.7 10.5,9.5V11H13.5V9.5C13.5,8.7 12.8,8.2 12,8.2Z"
                />
              </svg>
              
               
              
            </div>
             
            <div
              class="operation__input-wrapper svelte-eoztn2"
            >
              <input
                class="dusk-textbox dusk-textbox-number operation__input-field"
                max="0"
                min="0"
                name="shielded-amount"
                required=""
                step="0.000000001"
                type="number"
              />
              
               
              <svg
                class="dusk-icon dusk-icon--size--default"
                data-tooltip-id="main-tooltip"
                data-tooltip-text="DUSK"
                role="graphics-symbol"
                viewBox="0 0 24 24"
              >
                <path
                  d="M12.335 0.005a12.186 12.186 0 0 0 -2.58 0.204C4.2 1.259 0 6.14 0 11.999 0 17.859 4.203 22.74 9.759 23.79c0.726 0.138 1.476 0.21 2.241 0.21 6.789 0 12.261 -5.64 11.991 -12.49C23.741 5.249 18.599 0.173 12.335 0.005Zm0.207 21.58c-0.204 0.012 -0.336 -0.222 -0.21 -0.384 1.974 -2.541 3.153 -5.733 3.153 -9.202 0 -3.468 -1.176 -6.663 -3.153 -9.202 -0.126 -0.162 0.003 -0.396 0.207 -0.384 5.052 0.282 9.06 4.465 9.06 9.586 0 5.121 -4.005 9.304 -9.057 9.586Z"
                />
              </svg>
              
            </div>
             
            <hr
              class="glyph svelte-eoztn2"
            />
             
            <p
              class="operation__label svelte-eoztn2"
            >
              Public
            </p>
             
            <div
              class="operation__address-wrapper svelte-eoztn2"
            >
              <svg
                class="dusk-icon dusk-icon--size--default"
                role="graphics-symbol"
                viewBox="0 0 24 24"
              >
                <path
                  d="M21 11C21 16.5 17.2 21.7 12 23C6.8 21.7 3 16.5 3 11V5L12 1L21 5V11M12 21C15.8 20 19 15.5 19 11.2V6.3L12 3.2L5 6.3V11.2C5 15.5 8.2 20 12 21M14.8 11H10.5V8.5C10.5 7.7 11.2 7.2 12 7.2S13.5 7.7 13.5 8.5V9H14.8V8.5C14.8 7.1 13.4 6 12 6S9.2 7.1 9.2 8.5V11C8.6 11 8 11.6 8 12.2V15.7C8 16.4 8.6 17 9.2 17H14.7C15.4 17 16 16.4 16 15.8V12.3C16 11.6 15.4 11 14.8 11Z"
                />
              </svg>
              
               
              
            </div>
             
            <div
              class="operation__input-wrapper svelte-eoztn2"
            >
              <input
                class="dusk-textbox dusk-textbox-number operation__input-field"
                id="public-amount"
                max="0"
                min="0"
                name="public-amount"
                required=""
                step="0.000000001"
                type="number"
              />
              
               
              <svg
                class="dusk-icon dusk-icon--size--default"
                data-tooltip-id="main-tooltip"
                data-tooltip-text="DUSK"
                role="graphics-symbol"
                viewBox="0 0 24 24"
              >
                <path
                  d="M12.335 0.005a12.186 12.186 0 0 0 -2.58 0.204C4.2 1.259 0 6.14 0 11.999 0 17.859 4.203 22.74 9.759 23.79c0.726 0.138 1.476 0.21 2.241 0.21 6.789 0 12.261 -5.64 11.991 -12.49C23.741 5.249 18.599 0.173 12.335 0.005Zm0.207 21.58c-0.204 0.012 -0.336 -0.222 -0.21 -0.384 1.974 -2.541 3.153 -5.733 3.153 -9.202 0 -3.468 -1.176 -6.663 -3.153 -9.202 -0.126 -0.162 0.003 -0.396 0.207 -0.384 5.052 0.282 9.06 4.465 9.06 9.586 0 5.121 -4.005 9.304 -9.057 9.586Z"
                />
              </svg>
              
            </div>
          </fieldset>
           
          <div
            class="gas-settings svelte-1daay07"
          >
            <dl
              class="gas-settings__edit svelte-1daay07"
            >
              <div
                class="gas-fee svelte-1c6b481"
              >
                <span>
                  Fee:
                </span>
                 
                <div
                  class="gas-fee__amount svelte-1c6b481"
                >
                  <div
                    class="gas-fee__amount-value svelte-1c6b481"
                  >
                    <span
                      class="svelte-1c6b481"
                    >
                      max
                    </span>
                     
                    <span
                      class="svelte-1c6b481"
                    >
                      0.100000000
                    </span>
                  </div>
                   
                  <svg
                    class="dusk-icon dusk-icon--size--default dusk-amount__icon"
                    data-tooltip-id="main-tooltip"
                    data-tooltip-text="DUSK"
                    role="graphics-symbol"
                    viewBox="0 0 24 24"
                  >
                    <path
                      d="M12.335 0.005a12.186 12.186 0 0 0 -2.58 0.204C4.2 1.259 0 6.14 0 11.999 0 17.859 4.203 22.74 9.759 23.79c0.726 0.138 1.476 0.21 2.241 0.21 6.789 0 12.261 -5.64 11.991 -12.49C23.741 5.249 18.599 0.173 12.335 0.005Zm0.207 21.58c-0.204 0.012 -0.336 -0.222 -0.21 -0.384 1.974 -2.541 3.153 -5.733 3.153 -9.202 0 -3.468 -1.176 -6.663 -3.153 -9.202 -0.126 -0.162 0.003 -0.396 0.207 -0.384 5.052 0.282 9.06 4.465 9.06 9.586 0 5.121 -4.005 9.304 -9.057 9.586Z"
                    />
                  </svg>
                  
                </div>
              </div>
              <dd>
                <button
                  class="dusk-button dusk-button--type--button dusk-button--variant--tertiary dusk-button--size--small"
                  type="button"
                >
                  <span
                    class="dusk-button__text"
                  >
                    EDIT
                  </span>
                </button>
              </dd>
            </dl>
             
          </div>
           
          <div
            class="banner banner--error"
          >
            <svg
              class="dusk-icon dusk-icon--size--large banner__icon banner__icon--error"
              role="graphics-symbol"
              viewBox="0 0 24 24"
            >
              <path
                d="M23,12L20.56,14.78L20.9,18.46L17.29,19.28L15.4,22.46L12,21L8.6,22.47L6.71,19.29L3.1,18.47L3.44,14.78L1,12L3.44,9.21L3.1,5.53L6.71,4.72L8.6,1.54L12,3L15.4,1.54L17.29,4.72L20.9,5.54L20.56,9.22L23,12M20.33,12L18.5,9.89L18.74,7.1L16,6.5L14.58,4.07L12,5.18L9.42,4.07L8,6.5L5.26,7.09L5.5,9.88L3.67,12L5.5,14.1L5.26,16.9L8,17.5L9.42,19.93L12,18.81L14.58,19.92L16,17.5L18.74,16.89L18.5,14.1L20.33,12M11,15H13V17H11V15M11,7H13V13H11V7"
              />
            </svg>
            
             
            <div>
              <strong
                class="banner__title"
              >
                Insufficient Funds
              </strong>
               
              <p>
                Your balance is too low to cover the allocation fees. Please
              adjust your transaction or add more funds to proceed.
              </p>
            </div>
          </div>
        </div>
         
        <div
          class="dusk-wizard__step-navigation"
        >
          <a
            aria-disabled="false"
            class="dusk-anchor dusk-anchor--on-surface dusk-anchor-button dusk-anchor-button--variant--tertiary dusk-anchor-button--size--default dusk-icon-button--labeled"
            href="/some-base-path/dashboard"
          >
            <svg
              class="dusk-icon dusk-icon--size--default dusk-anchor-button__icon"
              role="graphics-symbol"
              viewBox="0 0 24 24"
            >
              <path
                d="M20,11V13H8L13.5,18.5L12.08,19.92L4.16,12L12.08,4.08L13.5,5.5L8,11H20Z"
              />
            </svg>
            
             
            <span
              class="dusk-anchor-button__text"
            >
              Back
            </span>
            
            
          </a>
          
           
          <button
            class="dusk-button dusk-button--type--button dusk-button--variant--tertiary dusk-button--size--default dusk-icon-button--labeled"
            disabled=""
            type="button"
          >
            <span
              class="dusk-button__text"
            >
              Next
            </span>
             
            <svg
              class="dusk-icon dusk-icon--size--default dusk-button__icon"
              role="graphics-symbol"
              viewBox="0 0 24 24"
            >
              <path
                d="M4,11V13H16L10.5,18.5L11.92,19.92L19.84,12L11.92,4.08L10.5,5.5L16,11H4Z"
              />
            </svg>
            
          </button>
        </div>
        
        
         
        
         
        
      </div>
    </div>
  </div>
   
</div>
`;
