// Vitest Snapshot v1, https://vitest.dev/guide/snapshot.html

exports[`Send > Address step > should display a warning if the address input is a public account 1`] = `
<div
  class="operation svelte-npcavd"
>
  <div
    class="dusk-wizard"
  >
    <div
      slot="stepper"
    >
      <div
        class="dusk-stepper dusk-stepper--variant--primary"
        style="--columns: 4; --progress-width: 0%;"
      >
        <span
          aria-current="step"
          aria-labelledby="step-some-generated-id"
          class="dusk-stepper__step dusk-stepper__step--processed"
        >
          1
        </span>
         
        <span
          class="dusk-stepper__step-label"
          id="step-some-generated-id"
        >
          Address
           
        </span>
        <span
          aria-labelledby="step-some-generated-id"
          class="dusk-stepper__step"
        >
          2
        </span>
         
        <span
          class="dusk-stepper__step-label dusk-stepper__step-label--invisible"
          id="step-some-generated-id"
        >
          Amount
           
        </span>
        <span
          aria-labelledby="step-some-generated-id"
          class="dusk-stepper__step"
        >
          3
        </span>
         
        <span
          class="dusk-stepper__step-label dusk-stepper__step-label--invisible"
          id="step-some-generated-id"
        >
          Overview
           
        </span>
        <span
          aria-labelledby="step-some-generated-id"
          class="dusk-stepper__step"
        >
          4
        </span>
         
        <span
          class="dusk-stepper__step-label dusk-stepper__step-label--invisible"
          id="step-some-generated-id"
        >
          Done
           
        </span>
        
      </div>
      
    </div>
     
     
     
    <div
      class="operation__send svelte-npcavd"
    >
      <div
        class="operation__address-wrapper svelte-npcavd"
      >
        <p>
          Address
        </p>
         
        <button
          class="dusk-button dusk-button--type--button dusk-button--variant--primary dusk-button--size--small"
          disabled=""
          type="button"
        >
          <span
            class="dusk-button__text"
          >
            SCAN QR
          </span>
        </button>
      </div>
       
      <textarea
        class="dusk-textbox dusk-textbox-multiline operation__send-address"
        required=""
      />
      
       
      <div
        class="banner banner--info"
      >
        <svg
          class="dusk-icon dusk-icon--size--large banner__icon banner__icon--info"
          role="graphics-symbol"
          viewBox="0 0 24 24"
        >
          <path
            d="M11,15H13V17H11V15M11,7H13V13H11V7M12,2C6.47,2 2,6.5 2,12A10,10 0 0,0 12,22A10,10 0 0,0 22,12A10,10 0 0,0 12,2M12,20A8,8 0 0,1 4,12A8,8 0 0,1 12,4A8,8 0 0,1 20,12A8,8 0 0,1 12,20Z"
          />
        </svg>
        
         
        <div>
          <strong
            class="banner__title"
          >
            Public account detected
          </strong>
           
          <p>
            This transaction will be public and sent from your 
            <strong>
              public
            </strong>
             account.
          </p>
        </div>
      </div>
       
      <div
        class="scan svelte-1uf7z44"
      >
        <video
          class="svelte-1uf7z44"
        >
          <track
            kind="captions"
          />
        </video>
         
        <div
          class="scan__highlight svelte-1uf7z44"
        />
         
        <button
          class="dusk-button dusk-button--type--button dusk-button--variant--primary dusk-button--size--small"
          type="button"
        >
          <span
            class="dusk-button__text"
          >
            CLOSE
          </span>
        </button>
      </div>
       
       
      <div
        class="operation__address-wrapper svelte-npcavd"
      >
        <p>
          Memo
        </p>
         
        <div
          aria-checked="false"
          aria-disabled="false"
          class="dusk-switch dusk-switch--on-surface"
          role="switch"
          tabindex="0"
        />
      </div>
       
    </div>
     
    <div
      class="dusk-wizard__step-navigation"
    >
      <a
        aria-disabled="false"
        class="dusk-anchor dusk-anchor--on-surface dusk-anchor-button dusk-anchor-button--variant--tertiary dusk-anchor-button--size--default dusk-icon-button--labeled"
        href="/some-base-path/dashboard"
      >
        <svg
          class="dusk-icon dusk-icon--size--default dusk-anchor-button__icon"
          role="graphics-symbol"
          viewBox="0 0 24 24"
        >
          <path
            d="M20,11V13H8L13.5,18.5L12.08,19.92L4.16,12L12.08,4.08L13.5,5.5L8,11H20Z"
          />
        </svg>
        
         
        <span
          class="dusk-anchor-button__text"
        >
          Back
        </span>
        
        
      </a>
      
       
      <button
        class="dusk-button dusk-button--type--button dusk-button--variant--tertiary dusk-button--size--default dusk-icon-button--labeled"
        type="button"
      >
        <span
          class="dusk-button__text"
        >
          Next
        </span>
         
        <svg
          class="dusk-icon dusk-icon--size--default dusk-button__icon"
          role="graphics-symbol"
          viewBox="0 0 24 24"
        >
          <path
            d="M4,11V13H16L10.5,18.5L11.92,19.92L19.84,12L11.92,4.08L10.5,5.5L16,11H4Z"
          />
        </svg>
        
      </button>
    </div>
    
    
     
    
     
    
     
    
  </div>
</div>
`;

exports[`Send > Address step > should display a warning if the address input is self-referential 1`] = `
<div
  class="operation svelte-npcavd"
>
  <div
    class="dusk-wizard"
  >
    <div
      slot="stepper"
    >
      <div
        class="dusk-stepper dusk-stepper--variant--primary"
        style="--columns: 4; --progress-width: 0%;"
      >
        <span
          aria-current="step"
          aria-labelledby="step-some-generated-id"
          class="dusk-stepper__step dusk-stepper__step--processed"
        >
          1
        </span>
         
        <span
          class="dusk-stepper__step-label"
          id="step-some-generated-id"
        >
          Address
           
        </span>
        <span
          aria-labelledby="step-some-generated-id"
          class="dusk-stepper__step"
        >
          2
        </span>
         
        <span
          class="dusk-stepper__step-label dusk-stepper__step-label--invisible"
          id="step-some-generated-id"
        >
          Amount
           
        </span>
        <span
          aria-labelledby="step-some-generated-id"
          class="dusk-stepper__step"
        >
          3
        </span>
         
        <span
          class="dusk-stepper__step-label dusk-stepper__step-label--invisible"
          id="step-some-generated-id"
        >
          Overview
           
        </span>
        <span
          aria-labelledby="step-some-generated-id"
          class="dusk-stepper__step"
        >
          4
        </span>
         
        <span
          class="dusk-stepper__step-label dusk-stepper__step-label--invisible"
          id="step-some-generated-id"
        >
          Done
           
        </span>
        
      </div>
      
    </div>
     
     
     
    <div
      class="operation__send svelte-npcavd"
    >
      <div
        class="operation__address-wrapper svelte-npcavd"
      >
        <p>
          Address
        </p>
         
        <button
          class="dusk-button dusk-button--type--button dusk-button--variant--primary dusk-button--size--small"
          disabled=""
          type="button"
        >
          <span
            class="dusk-button__text"
          >
            SCAN QR
          </span>
        </button>
      </div>
       
      <textarea
        class="dusk-textbox dusk-textbox-multiline operation__send-address"
        required=""
      />
      
       
      <div
        class="banner banner--info"
      >
        <svg
          class="dusk-icon dusk-icon--size--large banner__icon banner__icon--info"
          role="graphics-symbol"
          viewBox="0 0 24 24"
        >
          <path
            d="M11,15H13V17H11V15M11,7H13V13H11V7M12,2C6.47,2 2,6.5 2,12A10,10 0 0,0 12,22A10,10 0 0,0 22,12A10,10 0 0,0 12,2M12,20A8,8 0 0,1 4,12A8,8 0 0,1 12,4A8,8 0 0,1 20,12A8,8 0 0,1 12,20Z"
          />
        </svg>
        
         
        <div>
          <strong
            class="banner__title"
          >
            Public account detected
          </strong>
           
          <p>
            This transaction will be public and sent from your 
            <strong>
              public
            </strong>
             account.
          </p>
        </div>
      </div>
       
      <div
        class="scan svelte-1uf7z44"
      >
        <video
          class="svelte-1uf7z44"
        >
          <track
            kind="captions"
          />
        </video>
         
        <div
          class="scan__highlight svelte-1uf7z44"
        />
         
        <button
          class="dusk-button dusk-button--type--button dusk-button--variant--primary dusk-button--size--small"
          type="button"
        >
          <span
            class="dusk-button__text"
          >
            CLOSE
          </span>
        </button>
      </div>
       
      <div
        class="banner banner--warning"
      >
        <svg
          class="dusk-icon dusk-icon--size--large banner__icon banner__icon--warning"
          role="graphics-symbol"
          viewBox="0 0 24 24"
        >
          <path
            d="M12,2L1,21H23M12,6L19.53,19H4.47M11,10V14H13V10M11,16V18H13V16"
          />
        </svg>
        
         
        <div>
          <strong
            class="banner__title"
          >
            Self-referential transaction detected
          </strong>
           
          <p>
            You are attempting to initiate a transaction with your own wallet
              address as both the sender and the receiver. Self-referential
              transactions may not have meaningful purpose and will incur gas
              fees.
          </p>
        </div>
      </div>
       
      <div
        class="operation__address-wrapper svelte-npcavd"
      >
        <p>
          Memo
        </p>
         
        <div
          aria-checked="false"
          aria-disabled="false"
          class="dusk-switch dusk-switch--on-surface"
          role="switch"
          tabindex="0"
        />
      </div>
       
    </div>
     
    <div
      class="dusk-wizard__step-navigation"
    >
      <a
        aria-disabled="false"
        class="dusk-anchor dusk-anchor--on-surface dusk-anchor-button dusk-anchor-button--variant--tertiary dusk-anchor-button--size--default dusk-icon-button--labeled"
        href="/some-base-path/dashboard"
      >
        <svg
          class="dusk-icon dusk-icon--size--default dusk-anchor-button__icon"
          role="graphics-symbol"
          viewBox="0 0 24 24"
        >
          <path
            d="M20,11V13H8L13.5,18.5L12.08,19.92L4.16,12L12.08,4.08L13.5,5.5L8,11H20Z"
          />
        </svg>
        
         
        <span
          class="dusk-anchor-button__text"
        >
          Back
        </span>
        
        
      </a>
      
       
      <button
        class="dusk-button dusk-button--type--button dusk-button--variant--tertiary dusk-button--size--default dusk-icon-button--labeled"
        type="button"
      >
        <span
          class="dusk-button__text"
        >
          Next
        </span>
         
        <svg
          class="dusk-icon dusk-icon--size--default dusk-button__icon"
          role="graphics-symbol"
          viewBox="0 0 24 24"
        >
          <path
            d="M4,11V13H16L10.5,18.5L11.92,19.92L19.84,12L11.92,4.08L10.5,5.5L16,11H4Z"
          />
        </svg>
        
      </button>
    </div>
    
    
     
    
     
    
     
    
  </div>
</div>
`;

exports[`Send > Address step > should render the Send component Address step 1`] = `
<div
  class="operation svelte-npcavd"
>
  <div
    class="dusk-wizard"
  >
    <div
      slot="stepper"
    >
      <div
        class="dusk-stepper dusk-stepper--variant--primary"
        style="--columns: 4; --progress-width: 0%;"
      >
        <span
          aria-current="step"
          aria-labelledby="step-some-generated-id"
          class="dusk-stepper__step dusk-stepper__step--processed"
        >
          1
        </span>
         
        <span
          class="dusk-stepper__step-label"
          id="step-some-generated-id"
        >
          Address
           
        </span>
        <span
          aria-labelledby="step-some-generated-id"
          class="dusk-stepper__step"
        >
          2
        </span>
         
        <span
          class="dusk-stepper__step-label dusk-stepper__step-label--invisible"
          id="step-some-generated-id"
        >
          Amount
           
        </span>
        <span
          aria-labelledby="step-some-generated-id"
          class="dusk-stepper__step"
        >
          3
        </span>
         
        <span
          class="dusk-stepper__step-label dusk-stepper__step-label--invisible"
          id="step-some-generated-id"
        >
          Overview
           
        </span>
        <span
          aria-labelledby="step-some-generated-id"
          class="dusk-stepper__step"
        >
          4
        </span>
         
        <span
          class="dusk-stepper__step-label dusk-stepper__step-label--invisible"
          id="step-some-generated-id"
        >
          Done
           
        </span>
        
      </div>
      
    </div>
     
     
     
    <div
      class="operation__send svelte-npcavd"
    >
      <div
        class="operation__address-wrapper svelte-npcavd"
      >
        <p>
          Address
        </p>
         
        <button
          class="dusk-button dusk-button--type--button dusk-button--variant--primary dusk-button--size--small"
          disabled=""
          type="button"
        >
          <span
            class="dusk-button__text"
          >
            SCAN QR
          </span>
        </button>
      </div>
       
      <textarea
        class="dusk-textbox dusk-textbox-multiline operation__send-address"
        required=""
      />
      
       
       
      <div
        class="scan svelte-1uf7z44"
      >
        <video
          class="svelte-1uf7z44"
        >
          <track
            kind="captions"
          />
        </video>
         
        <div
          class="scan__highlight svelte-1uf7z44"
        />
         
        <button
          class="dusk-button dusk-button--type--button dusk-button--variant--primary dusk-button--size--small"
          type="button"
        >
          <span
            class="dusk-button__text"
          >
            CLOSE
          </span>
        </button>
      </div>
       
       
      <div
        class="operation__address-wrapper svelte-npcavd"
      >
        <p>
          Memo
        </p>
         
        <div
          aria-checked="false"
          aria-disabled="false"
          class="dusk-switch dusk-switch--on-surface"
          role="switch"
          tabindex="0"
        />
      </div>
       
    </div>
     
    <div
      class="dusk-wizard__step-navigation"
    >
      <a
        aria-disabled="false"
        class="dusk-anchor dusk-anchor--on-surface dusk-anchor-button dusk-anchor-button--variant--tertiary dusk-anchor-button--size--default dusk-icon-button--labeled"
        href="/some-base-path/dashboard"
      >
        <svg
          class="dusk-icon dusk-icon--size--default dusk-anchor-button__icon"
          role="graphics-symbol"
          viewBox="0 0 24 24"
        >
          <path
            d="M20,11V13H8L13.5,18.5L12.08,19.92L4.16,12L12.08,4.08L13.5,5.5L8,11H20Z"
          />
        </svg>
        
         
        <span
          class="dusk-anchor-button__text"
        >
          Back
        </span>
        
        
      </a>
      
       
      <button
        class="dusk-button dusk-button--type--button dusk-button--variant--tertiary dusk-button--size--default dusk-icon-button--labeled"
        disabled=""
        type="button"
      >
        <span
          class="dusk-button__text"
        >
          Next
        </span>
         
        <svg
          class="dusk-icon dusk-icon--size--default dusk-button__icon"
          role="graphics-symbol"
          viewBox="0 0 24 24"
        >
          <path
            d="M4,11V13H16L10.5,18.5L11.92,19.92L19.84,12L11.92,4.08L10.5,5.5L16,11H4Z"
          />
        </svg>
        
      </button>
    </div>
    
    
     
    
     
    
     
    
  </div>
</div>
`;

exports[`Send > Amount step > should render the Send component Amount step 1`] = `
<div
  class="operation svelte-npcavd"
>
  <div
    class="dusk-wizard"
  >
    <div
      slot="stepper"
    >
      <div
        class="dusk-stepper dusk-stepper--variant--primary"
        style="--columns: 4; --progress-width: 25%;"
      >
        <span
          aria-labelledby="step-some-generated-id"
          class="dusk-stepper__step dusk-stepper__step--processed"
        >
          1
        </span>
         
        <span
          class="dusk-stepper__step-label dusk-stepper__step-label--invisible"
          id="step-some-generated-id"
        >
          Address
           
        </span>
        <span
          aria-current="step"
          aria-labelledby="step-some-generated-id"
          class="dusk-stepper__step dusk-stepper__step--processed"
        >
          2
        </span>
         
        <span
          class="dusk-stepper__step-label"
          id="step-some-generated-id"
        >
          Amount
           
        </span>
        <span
          aria-labelledby="step-some-generated-id"
          class="dusk-stepper__step"
        >
          3
        </span>
         
        <span
          class="dusk-stepper__step-label dusk-stepper__step-label--invisible"
          id="step-some-generated-id"
        >
          Overview
           
        </span>
        <span
          aria-labelledby="step-some-generated-id"
          class="dusk-stepper__step"
        >
          4
        </span>
         
        <span
          class="dusk-stepper__step-label dusk-stepper__step-label--invisible"
          id="step-some-generated-id"
        >
          Done
           
        </span>
        
      </div>
      
    </div>
     
    
     
     
     
    <div
      class="operation__send svelte-npcavd"
      style="animation: __svelte_3516408220_0 400ms linear 0ms 1 both;"
    >
      <div
        class="operation__amount-wrapper svelte-npcavd"
      >
        <p>
          Amount
        </p>
         
        <button
          class="dusk-button dusk-button--type--button dusk-button--variant--tertiary dusk-button--size--small"
          type="button"
        >
          <span
            class="dusk-button__text"
          >
            USE MAX
          </span>
        </button>
      </div>
       
      <div
        class="operation__input-wrapper svelte-npcavd"
      >
        <input
          class="dusk-textbox dusk-textbox-number operation__input-field"
          max="999.98"
          min="1e-9"
          required=""
          step="0.000000001"
          type="number"
        />
        
         
        <svg
          class="dusk-icon dusk-icon--size--default"
          data-tooltip-id="main-tooltip"
          data-tooltip-text="DUSK"
          role="graphics-symbol"
          viewBox="0 0 24 24"
        >
          <path
            d="M12.335 0.005a12.186 12.186 0 0 0 -2.58 0.204C4.2 1.259 0 6.14 0 11.999 0 17.859 4.203 22.74 9.759 23.79c0.726 0.138 1.476 0.21 2.241 0.21 6.789 0 12.261 -5.64 11.991 -12.49C23.741 5.249 18.599 0.173 12.335 0.005Zm0.207 21.58c-0.204 0.012 -0.336 -0.222 -0.21 -0.384 1.974 -2.541 3.153 -5.733 3.153 -9.202 0 -3.468 -1.176 -6.663 -3.153 -9.202 -0.126 -0.162 0.003 -0.396 0.207 -0.384 5.052 0.282 9.06 4.465 9.06 9.586 0 5.121 -4.005 9.304 -9.057 9.586Z"
          />
        </svg>
        
      </div>
       
      <div
        class="gas-settings svelte-1daay07"
      >
        <dl
          class="gas-settings__edit svelte-1daay07"
        >
          <div
            class="gas-fee svelte-1c6b481"
          >
            <span>
              Fee:
            </span>
             
            <div
              class="gas-fee__amount svelte-1c6b481"
            >
              <div
                class="gas-fee__amount-value svelte-1c6b481"
              >
                <span
                  class="svelte-1c6b481"
                >
                  max
                </span>
                 
                <span
                  class="svelte-1c6b481"
                >
                  0.020000000
                </span>
              </div>
               
              <svg
                class="dusk-icon dusk-icon--size--default dusk-amount__icon"
                data-tooltip-id="main-tooltip"
                data-tooltip-text="DUSK"
                role="graphics-symbol"
                viewBox="0 0 24 24"
              >
                <path
                  d="M12.335 0.005a12.186 12.186 0 0 0 -2.58 0.204C4.2 1.259 0 6.14 0 11.999 0 17.859 4.203 22.74 9.759 23.79c0.726 0.138 1.476 0.21 2.241 0.21 6.789 0 12.261 -5.64 11.991 -12.49C23.741 5.249 18.599 0.173 12.335 0.005Zm0.207 21.58c-0.204 0.012 -0.336 -0.222 -0.21 -0.384 1.974 -2.541 3.153 -5.733 3.153 -9.202 0 -3.468 -1.176 -6.663 -3.153 -9.202 -0.126 -0.162 0.003 -0.396 0.207 -0.384 5.052 0.282 9.06 4.465 9.06 9.586 0 5.121 -4.005 9.304 -9.057 9.586Z"
                />
              </svg>
              
            </div>
          </div>
          <dd>
            <button
              class="dusk-button dusk-button--type--button dusk-button--variant--tertiary dusk-button--size--small"
              type="button"
            >
              <span
                class="dusk-button__text"
              >
                EDIT
              </span>
            </button>
          </dd>
        </dl>
         
      </div>
       
    </div>
     
    <div
      class="dusk-wizard__step-navigation"
    >
      <button
        class="dusk-button dusk-button--type--button dusk-button--variant--tertiary dusk-button--size--default dusk-icon-button--labeled"
        type="button"
      >
        <svg
          class="dusk-icon dusk-icon--size--default dusk-button__icon"
          role="graphics-symbol"
          viewBox="0 0 24 24"
        >
          <path
            d="M20,11V13H8L13.5,18.5L12.08,19.92L4.16,12L12.08,4.08L13.5,5.5L8,11H20Z"
          />
        </svg>
        
         
        <span
          class="dusk-button__text"
        >
          Back
        </span>
        
      </button>
      
       
      <button
        class="dusk-button dusk-button--type--button dusk-button--variant--tertiary dusk-button--size--default dusk-icon-button--labeled"
        type="button"
      >
        <span
          class="dusk-button__text"
        >
          Next
        </span>
         
        <svg
          class="dusk-icon dusk-icon--size--default dusk-button__icon"
          role="graphics-symbol"
          viewBox="0 0 24 24"
        >
          <path
            d="M4,11V13H16L10.5,18.5L11.92,19.92L19.84,12L11.92,4.08L10.5,5.5L16,11H4Z"
          />
        </svg>
        
      </button>
    </div>
    
    
     
    
     
    
  </div>
</div>
`;

exports[`Send > Review step > should render the Send component Review step 1`] = `
<div
  class="operation svelte-npcavd"
>
  <div
    class="dusk-wizard"
  >
    <div
      slot="stepper"
    >
      <div
        class="dusk-stepper dusk-stepper--variant--primary"
        style="--columns: 4; --progress-width: 50%;"
      >
        <span
          aria-labelledby="step-some-generated-id"
          class="dusk-stepper__step dusk-stepper__step--processed"
        >
          1
        </span>
         
        <span
          class="dusk-stepper__step-label dusk-stepper__step-label--invisible"
          id="step-some-generated-id"
        >
          Address
           
        </span>
        <span
          aria-labelledby="step-some-generated-id"
          class="dusk-stepper__step dusk-stepper__step--processed"
        >
          2
        </span>
         
        <span
          class="dusk-stepper__step-label dusk-stepper__step-label--invisible"
          id="step-some-generated-id"
        >
          Amount
           
        </span>
        <span
          aria-current="step"
          aria-labelledby="step-some-generated-id"
          class="dusk-stepper__step dusk-stepper__step--processed"
        >
          3
        </span>
         
        <span
          class="dusk-stepper__step-label"
          id="step-some-generated-id"
        >
          Overview
           
        </span>
        <span
          aria-labelledby="step-some-generated-id"
          class="dusk-stepper__step"
        >
          4
        </span>
         
        <span
          class="dusk-stepper__step-label dusk-stepper__step-label--invisible"
          id="step-some-generated-id"
        >
          Done
           
        </span>
        
      </div>
      
    </div>
     
    
     
    
     
     
     
    <div
      class="operation__send svelte-npcavd"
      style="animation: __svelte_3516408220_0 400ms linear 0ms 1 both;"
    >
      <span
        class="dusk-badge dusk-badge--variant-warning operation__review-notice"
      >
        REVIEW TRANSACTION
      </span>
       
      <dl
        class="operation__review-transaction svelte-npcavd"
      >
        <dt
          class="review-transaction__label svelte-npcavd"
        >
          <svg
            class="dusk-icon dusk-icon--size--default"
            role="graphics-symbol"
            viewBox="0 0 24 24"
          >
            <path
              d="M12,7L17,12H14V16H10V12H7L12,7M19,21H5A2,2 0 0,1 3,19V5A2,2 0 0,1 5,3H19A2,2 0 0,1 21,5V19A2,2 0 0,1 19,21M19,19V5H5V19H19Z"
            />
          </svg>
          
           
          <span>
            Amount
          </span>
           
        </dt>
        <dd
          class="review-transaction__value operation__review-amount svelte-npcavd"
        >
          <span>
            2,345.000000000
          </span>
           
          <svg
            class="dusk-icon dusk-icon--size--default dusk-amount__icon"
            data-tooltip-id="main-tooltip"
            data-tooltip-text="DUSK"
            role="graphics-symbol"
            viewBox="0 0 24 24"
          >
            <path
              d="M12.335 0.005a12.186 12.186 0 0 0 -2.58 0.204C4.2 1.259 0 6.14 0 11.999 0 17.859 4.203 22.74 9.759 23.79c0.726 0.138 1.476 0.21 2.241 0.21 6.789 0 12.261 -5.64 11.991 -12.49C23.741 5.249 18.599 0.173 12.335 0.005Zm0.207 21.58c-0.204 0.012 -0.336 -0.222 -0.21 -0.384 1.974 -2.541 3.153 -5.733 3.153 -9.202 0 -3.468 -1.176 -6.663 -3.153 -9.202 -0.126 -0.162 0.003 -0.396 0.207 -0.384 5.052 0.282 9.06 4.465 9.06 9.586 0 5.121 -4.005 9.304 -9.057 9.586Z"
            />
          </svg>
          
        </dd>
      </dl>
       
      <dl
        class="operation__review-transaction svelte-npcavd"
      >
        <dt
          class="review-transaction__label svelte-npcavd"
        >
          <svg
            class="dusk-icon dusk-icon--size--default"
            role="graphics-symbol"
            viewBox="0 0 24 24"
          >
            <path
              d="M5,3C3.89,3 3,3.9 3,5V19A2,2 0 0,0 5,21H19A2,2 0 0,0 21,19V16.72C21.59,16.37 22,15.74 22,15V9C22,8.26 21.59,7.63 21,7.28V5A2,2 0 0,0 19,3H5M5,5H19V7H13A2,2 0 0,0 11,9V15A2,2 0 0,0 13,17H19V19H5V5M13,9H20V15H13V9M16,10.5A1.5,1.5 0 0,0 14.5,12A1.5,1.5 0 0,0 16,13.5A1.5,1.5 0 0,0 17.5,12A1.5,1.5 0 0,0 16,10.5Z"
            />
          </svg>
          
           
          <span>
            To
          </span>
           
        </dt>
        <dd
          class="operation__review-address svelte-npcavd"
        >
          <span>
            47jNTgAhzn9KCKF3msCfvKg3k1P1QpPCLZ3HG3AoNp87sQ5WNS3QyjckYHWeuXqW7uvLmbKgejpP8Xkcip89vnMM
          </span>
        </dd>
      </dl>
       
      <div
        class="gas-fee svelte-1c6b481"
      >
        <span>
          Fee:
        </span>
         
        <div
          class="gas-fee__amount svelte-1c6b481"
        >
          <div
            class="gas-fee__amount-value svelte-1c6b481"
          >
            <span
              class="svelte-1c6b481"
            >
              max
            </span>
             
            <span
              class="svelte-1c6b481"
            >
              0.020000000
            </span>
          </div>
           
          <svg
            class="dusk-icon dusk-icon--size--default dusk-amount__icon"
            data-tooltip-id="main-tooltip"
            data-tooltip-text="DUSK"
            role="graphics-symbol"
            viewBox="0 0 24 24"
          >
            <path
              d="M12.335 0.005a12.186 12.186 0 0 0 -2.58 0.204C4.2 1.259 0 6.14 0 11.999 0 17.859 4.203 22.74 9.759 23.79c0.726 0.138 1.476 0.21 2.241 0.21 6.789 0 12.261 -5.64 11.991 -12.49C23.741 5.249 18.599 0.173 12.335 0.005Zm0.207 21.58c-0.204 0.012 -0.336 -0.222 -0.21 -0.384 1.974 -2.541 3.153 -5.733 3.153 -9.202 0 -3.468 -1.176 -6.663 -3.153 -9.202 -0.126 -0.162 0.003 -0.396 0.207 -0.384 5.052 0.282 9.06 4.465 9.06 9.586 0 5.121 -4.005 9.304 -9.057 9.586Z"
            />
          </svg>
          
        </div>
      </div>
    </div>
     
    <div
      class="dusk-wizard__step-navigation"
    >
      <button
        class="dusk-button dusk-button--type--button dusk-button--variant--tertiary dusk-button--size--default dusk-icon-button--labeled"
        type="button"
      >
        <svg
          class="dusk-icon dusk-icon--size--default dusk-button__icon"
          role="graphics-symbol"
          viewBox="0 0 24 24"
        >
          <path
            d="M20,11V13H8L13.5,18.5L12.08,19.92L4.16,12L12.08,4.08L13.5,5.5L8,11H20Z"
          />
        </svg>
        
         
        <span
          class="dusk-button__text"
        >
          Back
        </span>
        
      </button>
      
       
      <button
        class="dusk-button dusk-button--type--button dusk-button--variant--primary dusk-button--size--default dusk-icon-button--labeled"
        type="button"
      >
        <svg
          class="dusk-icon dusk-icon--size--default dusk-button__icon"
          role="graphics-symbol"
          viewBox="0 0 24 24"
        >
          <path
            d="M12,7L17,12H14V16H10V12H7L12,7M19,21H5A2,2 0 0,1 3,19V5A2,2 0 0,1 5,3H19A2,2 0 0,1 21,5V19A2,2 0 0,1 19,21M19,19V5H5V19H19Z"
          />
        </svg>
        
         
        <span
          class="dusk-button__text"
        >
          SEND
        </span>
        
      </button>
    </div>
    
    
     
    
  </div>
</div>
`;
